// Jest Snapshot v1, https://goo.gl/fbAQLP

exports[`desc 1`] = `
[
  5,
  "4",
  1,
]
`;

exports[`number 1`] = `
[
  1,
  4,
  5,
]
`;
