// Jest Snapshot v1, https://goo.gl/fbAQLP

exports[`arrayGroupToMap 1`] = `
Map {
  "18056a75" => [
    {
      "name": "Forest",
    },
    {
      "name": "Forest",
    },
    {
      "name": "Forest",
    },
  ],
  "57a555ae" => [
    {
      "name": "Plains",
    },
    {
      "name": "Plains",
    },
    {
      "name": "Plains",
    },
  ],
}
`;

exports[`arrayGroupToRecord 1`] = `
{
  "18056a75": [
    {
      "name": "Forest",
    },
    {
      "name": "Forest",
    },
    {
      "name": "Forest",
    },
  ],
  "57a555ae": [
    {
      "name": "Plains",
    },
    {
      "name": "Plains",
    },
    {
      "name": "Plains",
    },
  ],
}
`;
