// Jest Snapshot v1, https://goo.gl/fbAQLP

exports[`import check 1`] = `
Array [
  "array_unique",
  "array_unique_overwrite",
  "lazy_unique_overwrite",
  "equals",
  "defaultFilter",
  "defaultChecker",
  "lazy_unique",
  "default",
]
`;
