// Jest Snapshot v1, https://goo.gl/fbAQLP

exports[`removeFromFirst array_unique mixin test 1`] = `
Object {
  "a1": Array [
    2,
    4,
    1,
    Object {
      "a": Object {},
    },
    "undefined",
    "null",
    "false",
    "",
    NaN,
    Infinity,
    [Function],
    [Function],
    [Function],
    3,
    Array [
      "a",
      "b",
      "c",
    ],
    Array [
      "a",
      "c",
      "b",
    ],
    Object {
      "a": Object {
        "b": 2,
      },
    },
    Object {
      "a": Object {
        "b": 3,
        "c": undefined,
      },
    },
    /1/,
    Object {},
    /1/g,
    0,
    true,
    undefined,
    null,
    false,
    /1/i,
    Object {
      "a": Object {
        "b": 3,
      },
    },
    Object {
      "a": Object {
        "b": undefined,
      },
    },
    "true",
    "1",
    "0",
  ],
  "a2": Array [
    4,
    "undefined",
    "null",
    "false",
    "",
    NaN,
    Infinity,
    [Function],
    [Function],
    [Function],
    3,
    Array [
      "a",
      "c",
      "b",
    ],
    Object {
      "a": Object {},
    },
    Object {
      "a": Object {
        "b": 3,
        "c": undefined,
      },
    },
    1,
    0,
    true,
    undefined,
    null,
    false,
    Array [
      "a",
      "b",
      "c",
    ],
    "true",
    Object {
      "a": Object {
        "b": 2,
      },
    },
    Object {
      "a": Object {
        "b": 3,
      },
    },
    Object {
      "a": Object {
        "b": undefined,
      },
    },
    /1/i,
    /1/,
    /1/g,
    Object {},
    "1",
    "0",
    2,
  ],
}
`;

exports[`removeFromFirst array_unique simple 1`] = `
Object {
  "a1": Array [
    2,
    4,
    3,
    1,
  ],
  "a2": Array [
    4,
    1,
    3,
    2,
  ],
}
`;

exports[`removeFromFirst array_unique_overwrite mixin test 1`] = `
Object {
  "a1": Array [
    2,
    4,
    1,
    Object {
      "a": Object {},
    },
    "undefined",
    "null",
    "false",
    "",
    NaN,
    Infinity,
    [Function],
    [Function],
    [Function],
    3,
    Array [
      "a",
      "b",
      "c",
    ],
    Array [
      "a",
      "c",
      "b",
    ],
    Object {
      "a": Object {
        "b": 2,
      },
    },
    Object {
      "a": Object {
        "b": 3,
        "c": undefined,
      },
    },
    /1/,
    Object {},
    /1/g,
    0,
    true,
    undefined,
    null,
    false,
    /1/i,
    Object {
      "a": Object {
        "b": 3,
      },
    },
    Object {
      "a": Object {
        "b": undefined,
      },
    },
    "true",
    "1",
    "0",
  ],
  "a2": Array [
    4,
    "undefined",
    "null",
    "false",
    "",
    NaN,
    Infinity,
    [Function],
    [Function],
    [Function],
    3,
    Array [
      "a",
      "c",
      "b",
    ],
    Object {
      "a": Object {},
    },
    Object {
      "a": Object {
        "b": 3,
        "c": undefined,
      },
    },
    1,
    0,
    true,
    undefined,
    null,
    false,
    Array [
      "a",
      "b",
      "c",
    ],
    "true",
    Object {
      "a": Object {
        "b": 2,
      },
    },
    Object {
      "a": Object {
        "b": 3,
      },
    },
    Object {
      "a": Object {
        "b": undefined,
      },
    },
    /1/i,
    /1/,
    /1/g,
    Object {},
    "1",
    "0",
    2,
  ],
}
`;

exports[`removeFromFirst array_unique_overwrite simple 1`] = `
Object {
  "a1": Array [
    2,
    4,
    3,
    1,
  ],
  "a2": Array [
    4,
    1,
    3,
    2,
  ],
}
`;
