// Jest Snapshot v1, https://goo.gl/fbAQLP

exports[`arrayChunkBySize [3, 2, 1] 1`] = `
[
  [
    1,
    2,
    3,
  ],
  [
    4,
    5,
  ],
  [
    6,
  ],
  [
    7,
    8,
  ],
]
`;

exports[`arrayChunkBySize [3, 2, 2] 1`] = `
[
  [
    1,
    2,
    3,
  ],
  [
    4,
    5,
  ],
  [
    6,
    7,
  ],
  [
    8,
  ],
]
`;

exports[`arrayChunkBySize [3, 2, 3] 1`] = `
[
  [
    1,
    2,
    3,
  ],
  [
    4,
    5,
  ],
  [
    6,
    7,
    8,
  ],
]
`;

exports[`arrayChunkBySize [3, 2, 4] 1`] = `
[
  [
    1,
    2,
    3,
  ],
  [
    4,
    5,
  ],
  [
    6,
    7,
    8,
  ],
]
`;

exports[`arrayChunkBySize 1 1`] = `
[
  [
    1,
  ],
  [
    2,
  ],
  [
    3,
  ],
  [
    4,
  ],
  [
    5,
  ],
  [
    6,
  ],
  [
    7,
  ],
  [
    8,
  ],
]
`;

exports[`arrayChunkBySize 4 1`] = `
[
  [
    1,
    2,
    3,
    4,
  ],
  [
    5,
    6,
    7,
    8,
  ],
]
`;

exports[`arrayChunkBySize 5 1`] = `
[
  [
    1,
    2,
    3,
    4,
    5,
  ],
  [
    6,
    7,
    8,
  ],
]
`;

exports[`arrayChunkBySize 6 1`] = `
[
  [
    1,
    2,
    3,
    4,
    5,
    6,
  ],
  [
    7,
    8,
  ],
]
`;

exports[`arrayChunkBySize 7 1`] = `
[
  [
    1,
    2,
    3,
    4,
    5,
    6,
    7,
  ],
  [
    8,
  ],
]
`;

exports[`arrayChunkBySize 8 1`] = `
[
  [
    1,
    2,
    3,
    4,
    5,
    6,
    7,
    8,
  ],
]
`;

exports[`arrayChunkBySize empty 1`] = `[]`;

exports[`arrayChunkSplit 1 1`] = `
[
  [
    1,
    2,
    3,
    4,
    5,
    6,
    7,
    8,
  ],
]
`;

exports[`arrayChunkSplit 2 1`] = `
[
  [
    1,
    2,
    3,
    4,
  ],
  [
    5,
    6,
    7,
    8,
  ],
]
`;

exports[`arrayChunkSplit 3 1`] = `
[
  [
    1,
    2,
    3,
  ],
  [
    4,
    5,
    6,
  ],
  [
    7,
    8,
  ],
]
`;

exports[`arrayChunkSplit 4 1`] = `
[
  [
    1,
    2,
  ],
  [
    3,
    4,
  ],
  [
    5,
    6,
  ],
  [
    7,
    8,
  ],
]
`;

exports[`arrayChunkSplit 5 but will only get 4 1`] = `
[
  [
    1,
    2,
  ],
  [
    3,
    4,
  ],
  [
    5,
    6,
  ],
  [
    7,
    8,
  ],
]
`;

exports[`arrayChunkSplit 8 1`] = `
[
  [
    1,
  ],
  [
    2,
  ],
  [
    3,
  ],
  [
    4,
  ],
  [
    5,
  ],
  [
    6,
  ],
  [
    7,
  ],
  [
    8,
  ],
]
`;

exports[`arrayChunkSplit empty 1`] = `[]`;
